../Core/Src/main.c:103:5:main	264	static
../Core/Src/main.c:277:6:SystemClock_Config	88	static
../Core/Src/main.c:324:13:MX_ADC1_Init	24	static
../Core/Src/main.c:425:13:MX_I2C1_Init	8	static
../Core/Src/main.c:459:13:MX_TIM3_Init	56	static
../Core/Src/main.c:508:13:MX_TIM4_Init	56	static
../Core/Src/main.c:557:13:MX_USART1_UART_Init	8	static
../Core/Src/main.c:588:13:MX_DMA_Init	16	static
../Core/Src/main.c:606:13:MX_GPIO_Init	40	static
../Core/Src/main.c:630:6:HAL_I2C_MasterTxCpltCallback	16	static
../Core/Src/main.c:634:6:HAL_I2C_MasterRxCpltCallback	16	static
../Core/Src/main.c:646:6:Error_Handler	4	static,ignoring_inline_asm
